// Jest Snapshot v1, https://goo.gl/fbAQLP

exports[`should render addExpensePage correctly 1`] = `
<div>
  <h1>
    Add Expense
  </h1>
  <ExpenseForm
    onSubmit1={[Function]}
  />
</div>
`;
